
> ngx-chilean-rut@0.0.10 test
> vitest run --config ./projects/ngx-chilean-rut/vitest.config.mts


[1m[46m RUN [49m[22m [36mv4.0.17 [39m[90m/Volumes/DD2T/Dev/ngx-chilean-rut[39m

 [31m❯[39m projects/ngx-chilean-rut/src/lib/test/rut.pipe.spec.ts [2m([22m[2m2 tests[22m[2m | [22m[31m2 failed[39m[2m)[22m[32m 7[2mms[22m[39m
[31m     [31m×[31m create an instance[39m[32m 5[2mms[22m[39m
[31m     [31m×[31m should format rut[39m[32m 2[2mms[22m[39m
 [31m❯[39m projects/ngx-chilean-rut/src/lib/test/rut.directive.spec.ts [2m([22m[2m3 tests[22m[2m | [22m[31m3 failed[39m[2m)[22m[32m 7[2mms[22m[39m
[31m     [31m×[31m should create an instance[39m[32m 5[2mms[22m[39m
[31m     [31m×[31m should clean rut on focus[39m[32m 2[2mms[22m[39m
[31m     [31m×[31m should clean rut on blur[39m[32m 0[2mms[22m[39m
 [31m❯[39m projects/ngx-chilean-rut/src/lib/test/rut.service.spec.ts [2m([22m[2m5 tests[22m[2m | [22m[31m5 failed[39m[2m)[22m[32m 7[2mms[22m[39m
[31m     [31m×[31m should be created[39m[32m 4[2mms[22m[39m
[31m     [31m×[31m should clean rut[39m[32m 1[2mms[22m[39m
[31m     [31m×[31m should validate a valid rut[39m[32m 0[2mms[22m[39m
[31m     [31m×[31m should validate a invalid rut[39m[32m 0[2mms[22m[39m
[31m     [31m×[31m should format rut[39m[32m 0[2mms[22m[39m

[31m⎯⎯⎯⎯⎯⎯[39m[1m[41m Failed Tests 10 [49m[22m[31m⎯⎯⎯⎯⎯⎯⎯[39m

[41m[1m FAIL [22m[49m projects/ngx-chilean-rut/src/lib/test/rut.directive.spec.ts[2m > [22mRutDirective[2m > [22mshould create an instance
[31m[1mError[22m: Need to call TestBed.initTestEnvironment() first[39m
[90m [2m❯[22m _TestBedImpl.compiler node_modules/.pnpm/k8-fastbuild-ST-fdfa778d11ba/bin/packages/core/testing/src/test_bed.ts:[2m718:13[22m[39m
[90m [2m❯[22m _TestBedImpl.configureTestingModule node_modules/.pnpm/k8-fastbuild-ST-fdfa778d11ba/bin/packages/core/testing/src/test_bed.ts:[2m584:10[22m[39m
[90m [2m❯[22m Function.configureTestingModule node_modules/.pnpm/k8-fastbuild-ST-fdfa778d11ba/bin/packages/core/testing/src/test_bed.ts:[2m319:33[22m[39m
[36m [2m❯[22m projects/ngx-chilean-rut/src/lib/test/rut.directive.spec.ts:[2m22:13[22m[39m
    [90m 20| [39m
    [90m 21| [39m  [34mbeforeEach[39m(() [33m=>[39m {
    [90m 22| [39m    [33mTestBed[39m[33m.[39m[34mconfigureTestingModule[39m({
    [90m   | [39m            [31m^[39m
    [90m 23| [39m      providers[33m:[39m [[33mRutService[39m]
    [90m 24| [39m    })[33m;[39m

[31m[2m⎯⎯⎯⎯⎯⎯⎯⎯⎯⎯⎯⎯⎯⎯⎯⎯⎯⎯⎯⎯⎯⎯⎯[1/10]⎯[22m[39m

[41m[1m FAIL [22m[49m projects/ngx-chilean-rut/src/lib/test/rut.directive.spec.ts[2m > [22mRutDirective[2m > [22mshould clean rut on focus
[41m[1m FAIL [22m[49m projects/ngx-chilean-rut/src/lib/test/rut.directive.spec.ts[2m > [22mRutDirective[2m > [22mshould clean rut on blur
[41m[1m FAIL [22m[49m projects/ngx-chilean-rut/src/lib/test/rut.pipe.spec.ts[2m > [22mRutPipe[2m > [22mshould format rut
[41m[1m FAIL [22m[49m projects/ngx-chilean-rut/src/lib/test/rut.service.spec.ts[2m > [22mRutService[2m > [22mshould clean rut
[41m[1m FAIL [22m[49m projects/ngx-chilean-rut/src/lib/test/rut.service.spec.ts[2m > [22mRutService[2m > [22mshould validate a valid rut
[41m[1m FAIL [22m[49m projects/ngx-chilean-rut/src/lib/test/rut.service.spec.ts[2m > [22mRutService[2m > [22mshould validate a invalid rut
[41m[1m FAIL [22m[49m projects/ngx-chilean-rut/src/lib/test/rut.service.spec.ts[2m > [22mRutService[2m > [22mshould format rut
[31m[1mTypeError[22m: Cannot read properties of null (reading 'ngModule')[39m
[90m [2m❯[22m isModuleWithProviders node_modules/.pnpm/@angular+core@21.1.0_@angular+compiler@21.1.0_rxjs@7.8.1_zone.js@0.16.0/node_modules/@angular/core/fesm2022/_debug_node-chunk.mjs:[2m7245:16[22m[39m
[90m [2m❯[22m expandModuleWithProviders node_modules/.pnpm/@angular+core@21.1.0_@angular+compiler@21.1.0_rxjs@7.8.1_zone.js@0.16.0/node_modules/@angular/core/fesm2022/_debug_node-chunk.mjs:[2m17779:7[22m[39m
[90m [2m❯[22m Function.get node_modules/.pnpm/@angular+core@21.1.0_@angular+compiler@21.1.0_rxjs@7.8.1_zone.js@0.16.0/node_modules/@angular/core/fesm2022/_debug_node-chunk.mjs:[2m17494:84[22m[39m
[90m [2m❯[22m getNgModuleDef node_modules/.pnpm/@angular+core@21.1.0_@angular+compiler@21.1.0_rxjs@7.8.1_zone.js@0.16.0/node_modules/@angular/core/fesm2022/_untracked-chunk.mjs:[2m476:14[22m[39m
[90m [2m❯[22m getNgModuleDefOrThrow node_modules/.pnpm/@angular+core@21.1.0_@angular+compiler@21.1.0_rxjs@7.8.1_zone.js@0.16.0/node_modules/@angular/core/fesm2022/_untracked-chunk.mjs:[2m479:23[22m[39m
[90m [2m❯[22m verifySemanticsOfNgModuleDef node_modules/.pnpm/@angular+core@21.1.0_@angular+compiler@21.1.0_rxjs@7.8.1_zone.js@0.16.0/node_modules/@angular/core/fesm2022/_debug_node-chunk.mjs:[2m17567:19[22m[39m
[90m [2m❯[22m Function.type node_modules/.pnpm/@angular+core@21.1.0_@angular+compiler@21.1.0_rxjs@7.8.1_zone.js@0.16.0/node_modules/@angular/core/fesm2022/_debug_node-chunk.mjs:[2m17531:22[22m[39m
[90m [2m❯[22m TestBedCompiler.applyProviderOverridesInScope node_modules/.pnpm/k8-fastbuild-ST-fdfa778d11ba/bin/packages/core/testing/src/test_bed_compiler.ts:[2m627:31[22m[39m
[90m [2m❯[22m TestBedCompiler.compileTestModule node_modules/.pnpm/k8-fastbuild-ST-fdfa778d11ba/bin/packages/core/testing/src/test_bed_compiler.ts:[2m987:10[22m[39m

[31m[2m⎯⎯⎯⎯⎯⎯⎯⎯⎯⎯⎯⎯⎯⎯⎯⎯⎯⎯⎯⎯⎯⎯⎯[2/10]⎯[22m[39m

[41m[1m FAIL [22m[49m projects/ngx-chilean-rut/src/lib/test/rut.pipe.spec.ts[2m > [22mRutPipe[2m > [22mcreate an instance
[31m[1mError[22m: Need to call TestBed.initTestEnvironment() first[39m
[90m [2m❯[22m _TestBedImpl.compiler node_modules/.pnpm/k8-fastbuild-ST-fdfa778d11ba/bin/packages/core/testing/src/test_bed.ts:[2m718:13[22m[39m
[90m [2m❯[22m _TestBedImpl.configureTestingModule node_modules/.pnpm/k8-fastbuild-ST-fdfa778d11ba/bin/packages/core/testing/src/test_bed.ts:[2m584:10[22m[39m
[90m [2m❯[22m Function.configureTestingModule node_modules/.pnpm/k8-fastbuild-ST-fdfa778d11ba/bin/packages/core/testing/src/test_bed.ts:[2m319:33[22m[39m
[36m [2m❯[22m projects/ngx-chilean-rut/src/lib/test/rut.pipe.spec.ts:[2m9:13[22m[39m
    [90m  7| [39m
    [90m  8| [39m  [34mbeforeEach[39m(() [33m=>[39m {
    [90m  9| [39m    [33mTestBed[39m[33m.[39m[34mconfigureTestingModule[39m({ providers[33m:[39m [[33mRutService[39m]})[33m;[39m
    [90m   | [39m            [31m^[39m
    [90m 10| [39m  })[33m;[39m
    [90m 11| [39m  [34mit[39m([32m'create an instance'[39m[33m,[39m () [33m=>[39m {

[31m[2m⎯⎯⎯⎯⎯⎯⎯⎯⎯⎯⎯⎯⎯⎯⎯⎯⎯⎯⎯⎯⎯⎯⎯[3/10]⎯[22m[39m

[41m[1m FAIL [22m[49m projects/ngx-chilean-rut/src/lib/test/rut.service.spec.ts[2m > [22mRutService[2m > [22mshould be created
[31m[1mError[22m: Need to call TestBed.initTestEnvironment() first[39m
[90m [2m❯[22m _TestBedImpl.compiler node_modules/.pnpm/k8-fastbuild-ST-fdfa778d11ba/bin/packages/core/testing/src/test_bed.ts:[2m718:13[22m[39m
[90m [2m❯[22m _TestBedImpl.configureTestingModule node_modules/.pnpm/k8-fastbuild-ST-fdfa778d11ba/bin/packages/core/testing/src/test_bed.ts:[2m584:10[22m[39m
[90m [2m❯[22m Function.configureTestingModule node_modules/.pnpm/k8-fastbuild-ST-fdfa778d11ba/bin/packages/core/testing/src/test_bed.ts:[2m319:33[22m[39m
[36m [2m❯[22m projects/ngx-chilean-rut/src/lib/test/rut.service.spec.ts:[2m9:13[22m[39m
    [90m  7| [39m
    [90m  8| [39m  [34mbeforeEach[39m(() [33m=>[39m {
    [90m  9| [39m    [33mTestBed[39m[33m.[39m[34mconfigureTestingModule[39m({})[33m;[39m
    [90m   | [39m            [31m^[39m
    [90m 10| [39m    service [33m=[39m [33mTestBed[39m[33m.[39m[34minject[39m([33mRutService[39m)[33m;[39m
    [90m 11| [39m  })[33m;[39m

[31m[2m⎯⎯⎯⎯⎯⎯⎯⎯⎯⎯⎯⎯⎯⎯⎯⎯⎯⎯⎯⎯⎯⎯⎯[4/10]⎯[22m[39m


[2m Test Files [22m [1m[31m3 failed[39m[22m[90m (3)[39m
[2m      Tests [22m [1m[31m10 failed[39m[22m[90m (10)[39m
[2m   Start at [22m 00:26:32
[2m   Duration [22m 648ms[2m (transform 196ms, setup 38ms, import 524ms, tests 21ms, environment 1.09s)[22m

